Archive member included to satisfy reference by file (symbol)

c:/progra~2/gnuarm~1/102020~1/bin/../lib/gcc/arm-none-eabi/10.2.1/thumb/v6-m/nofp\libgcc.a(_dvmd_tls.o)
                              CMakeFiles/blinky.dir/C_/Users/MJ/Documents/Github/pico-sdk/src/rp2_common/pico_divider/divider.S.obj (__aeabi_idiv0)
c:/progra~2/gnuarm~1/102020~1/bin/../lib/gcc/arm-none-eabi/10.2.1/../../../../arm-none-eabi/lib/thumb/v6-m/nofp\libc.a(lib_a-calloc.o)
                              CMakeFiles/blinky.dir/C_/Users/MJ/Documents/Github/pico-sdk/src/rp2_common/pico_malloc/pico_malloc.c.obj (calloc)
c:/progra~2/gnuarm~1/102020~1/bin/../lib/gcc/arm-none-eabi/10.2.1/../../../../arm-none-eabi/lib/thumb/v6-m/nofp\libc.a(lib_a-callocr.o)
                              c:/progra~2/gnuarm~1/102020~1/bin/../lib/gcc/arm-none-eabi/10.2.1/../../../../arm-none-eabi/lib/thumb/v6-m/nofp\libc.a(lib_a-calloc.o) (_calloc_r)
c:/progra~2/gnuarm~1/102020~1/bin/../lib/gcc/arm-none-eabi/10.2.1/../../../../arm-none-eabi/lib/thumb/v6-m/nofp\libc.a(lib_a-impure.o)
                              c:/progra~2/gnuarm~1/102020~1/bin/../lib/gcc/arm-none-eabi/10.2.1/../../../../arm-none-eabi/lib/thumb/v6-m/nofp\libc.a(lib_a-calloc.o) (_impure_ptr)
c:/progra~2/gnuarm~1/102020~1/bin/../lib/gcc/arm-none-eabi/10.2.1/../../../../arm-none-eabi/lib/thumb/v6-m/nofp\libc.a(lib_a-init.o)
                              c:/progra~2/gnuarm~1/102020~1/bin/../lib/gcc/arm-none-eabi/10.2.1/../../../../arm-none-eabi/lib/thumb/v6-m/nofp/crt0.o (__libc_init_array)
c:/progra~2/gnuarm~1/102020~1/bin/../lib/gcc/arm-none-eabi/10.2.1/../../../../arm-none-eabi/lib/thumb/v6-m/nofp\libc.a(lib_a-malloc.o)
                              CMakeFiles/blinky.dir/C_/Users/MJ/Documents/Github/pico-sdk/src/rp2_common/pico_malloc/pico_malloc.c.obj (malloc)
c:/progra~2/gnuarm~1/102020~1/bin/../lib/gcc/arm-none-eabi/10.2.1/../../../../arm-none-eabi/lib/thumb/v6-m/nofp\libc.a(lib_a-mallocr.o)
                              c:/progra~2/gnuarm~1/102020~1/bin/../lib/gcc/arm-none-eabi/10.2.1/../../../../arm-none-eabi/lib/thumb/v6-m/nofp\libc.a(lib_a-callocr.o) (_malloc_r)
c:/progra~2/gnuarm~1/102020~1/bin/../lib/gcc/arm-none-eabi/10.2.1/../../../../arm-none-eabi/lib/thumb/v6-m/nofp\libc.a(lib_a-mlock.o)
                              c:/progra~2/gnuarm~1/102020~1/bin/../lib/gcc/arm-none-eabi/10.2.1/../../../../arm-none-eabi/lib/thumb/v6-m/nofp\libc.a(lib_a-mallocr.o) (__malloc_lock)
c:/progra~2/gnuarm~1/102020~1/bin/../lib/gcc/arm-none-eabi/10.2.1/../../../../arm-none-eabi/lib/thumb/v6-m/nofp\libc.a(lib_a-sbrkr.o)
                              c:/progra~2/gnuarm~1/102020~1/bin/../lib/gcc/arm-none-eabi/10.2.1/../../../../arm-none-eabi/lib/thumb/v6-m/nofp\libc.a(lib_a-mallocr.o) (_sbrk_r)
c:/progra~2/gnuarm~1/102020~1/bin/../lib/gcc/arm-none-eabi/10.2.1/../../../../arm-none-eabi/lib/thumb/v6-m/nofp\libc.a(lib_a-strlen-stub.o)
                              CMakeFiles/blinky.dir/C_/Users/MJ/Documents/Github/pico-sdk/src/rp2_common/pico_stdio/stdio.c.obj (strlen)
c:/progra~2/gnuarm~1/102020~1/bin/../lib/gcc/arm-none-eabi/10.2.1/../../../../arm-none-eabi/lib/thumb/v6-m/nofp\libc.a(lib_a-freer.o)
                              c:/progra~2/gnuarm~1/102020~1/bin/../lib/gcc/arm-none-eabi/10.2.1/../../../../arm-none-eabi/lib/thumb/v6-m/nofp\libc.a(lib_a-malloc.o) (_free_r)
c:/progra~2/gnuarm~1/102020~1/bin/../lib/gcc/arm-none-eabi/10.2.1/../../../../arm-none-eabi/lib/thumb/v6-m/nofp\libc.a(lib_a-lock.o)
                              c:/progra~2/gnuarm~1/102020~1/bin/../lib/gcc/arm-none-eabi/10.2.1/../../../../arm-none-eabi/lib/thumb/v6-m/nofp\libc.a(lib_a-mlock.o) (__retarget_lock_acquire_recursive)
c:/progra~2/gnuarm~1/102020~1/bin/../lib/gcc/arm-none-eabi/10.2.1/../../../../arm-none-eabi/lib/thumb/v6-m/nofp\libc.a(lib_a-reent.o)
                              c:/progra~2/gnuarm~1/102020~1/bin/../lib/gcc/arm-none-eabi/10.2.1/../../../../arm-none-eabi/lib/thumb/v6-m/nofp\libc.a(lib_a-sbrkr.o) (errno)

Discarded input sections

 .text          0x00000000        0x0 c:/progra~2/gnuarm~1/102020~1/bin/../lib/gcc/arm-none-eabi/10.2.1/thumb/v6-m/nofp/crti.o
 .data          0x00000000        0x0 c:/progra~2/gnuarm~1/102020~1/bin/../lib/gcc/arm-none-eabi/10.2.1/thumb/v6-m/nofp/crti.o
 .bss           0x00000000        0x0 c:/progra~2/gnuarm~1/102020~1/bin/../lib/gcc/arm-none-eabi/10.2.1/thumb/v6-m/nofp/crti.o
 .data          0x00000000        0x4 c:/progra~2/gnuarm~1/102020~1/bin/../lib/gcc/arm-none-eabi/10.2.1/thumb/v6-m/nofp/crtbegin.o
 .rodata        0x00000000       0x24 c:/progra~2/gnuarm~1/102020~1/bin/../lib/gcc/arm-none-eabi/10.2.1/thumb/v6-m/nofp/crtbegin.o
 .fini_array    0x00000000        0x4 c:/progra~2/gnuarm~1/102020~1/bin/../lib/gcc/arm-none-eabi/10.2.1/thumb/v6-m/nofp/crtbegin.o
 .text          0x00000000       0x80 c:/progra~2/gnuarm~1/102020~1/bin/../lib/gcc/arm-none-eabi/10.2.1/../../../../arm-none-eabi/lib/thumb/v6-m/nofp/crt0.o
[...]
Memory Configuration

Name             Origin             Length             Attributes
FLASH            0x10000000         0x00200000         xr
RAM              0x20000000         0x00040000         xrw
SCRATCH_X        0x20040000         0x00001000         xrw
SCRATCH_Y        0x20041000         0x00001000         xrw
*default*        0x00000000         0xffffffff

Linker script and memory map

LOAD c:/progra~2/gnuarm~1/102020~1/bin/../lib/gcc/arm-none-eabi/10.2.1/thumb/v6-m/nofp/crti.o
LOAD c:/progra~2/gnuarm~1/102020~1/bin/../lib/gcc/arm-none-eabi/10.2.1/thumb/v6-m/nofp/crtbegin.o
LOAD c:/progra~2/gnuarm~1/102020~1/bin/../lib/gcc/arm-none-eabi/10.2.1/../../../../arm-none-eabi/lib/thumb/v6-m/nofp/crt0.o

.flash_begin    0x10000000        0x0
                0x10000000                __flash_binary_start = .

.boot2          0x10000000      0x100
                0x10000000                __boot2_start__ = .
 *(.boot2)
 .boot2         0x10000000      0x100 C:\Users\MJ\AppData\Local\Temp\cc43XRub.o
                0x10000100                __boot2_end__ = .
                0x00000001                ASSERT (((__boot2_end__ - __boot2_start__) == 0x100), ERROR: Pico second stage bootloader must be 256 bytes in size)

.text           0x10000100     0x1ba0
                0x10000100                __logical_binary_start = .
 *(.vectors)
 .vectors       0x10000100       0xd4 CMakeFiles/blinky.dir/C_/Users/MJ/Documents/Github/pico-sdk/src/rp2_common/pico_standard_link/crt0.S.obj
                0x10000100                __vectors
                0x100001c0                isr_invalid
                0x100001c2                isr_nmi
                0x100001c4                isr_hardfault
                0x100001c6                isr_svcall
                0x100001c8                isr_pendsv
                0x100001ca                isr_systick
                0x100001cc                isr_irq11
                0x100001cc                isr_irq5
                0x100001cc                isr_irq23
                0x100001cc                isr_irq18
                0x100001cc                isr_irq31
                0x100001cc                isr_irq28
                0x100001cc                isr_irq19
                0x100001cc                isr_irq0
                0x100001cc                isr_irq6
                0x100001cc                isr_irq27
                0x100001cc                isr_irq12
                0x100001cc                isr_irq22
                0x100001cc                isr_irq13
                0x100001cc                isr_irq17
                0x100001cc                isr_irq14
                0x100001cc                isr_irq2
                0x100001cc                isr_irq10
                0x100001cc                isr_irq8
                0x100001cc                isr_irq24
                0x100001cc                isr_irq1
                0x100001cc                isr_irq7
                0x100001cc                isr_irq21
                0x100001cc                isr_irq20
                0x100001cc                isr_irq15
                0x100001cc                isr_irq25
                0x100001cc                __unhandled_user_irq
                0x100001cc                isr_irq4
                0x100001cc                isr_irq16
                0x100001cc                isr_irq29
                0x100001cc                isr_irq26
                0x100001cc                isr_irq3
                0x100001cc                isr_irq30
                0x100001cc                isr_irq9
                0x100001d2                unhandled_user_irq_num_in_r0
 *(.binary_info_header)
 .binary_info_header
                0x100001d4       0x14 CMakeFiles/blinky.dir/C_/Users/MJ/Documents/Github/pico-sdk/src/rp2_common/pico_standard_link/crt0.S.obj
                0x100001e8                __binary_info_header_end = .
 *(.reset)
 .reset         0x100001e8       0xa8 CMakeFiles/blinky.dir/C_/Users/MJ/Documents/Github/pico-sdk/src/rp2_common/pico_standard_link/crt0.S.obj
                0x100001e8                _entry_point
                0x10000266                __get_current_exception
 .reset         0x10000290       0x30 CMakeFiles/blinky.dir/C_/Users/MJ/Documents/Github/pico-sdk/src/rp2_common/pico_standard_link/binary_info.c.obj
 *(.init)
 .init          0x100002c0        0x4 c:/progra~2/gnuarm~1/102020~1/bin/../lib/gcc/arm-none-eabi/10.2.1/thumb/v6-m/nofp/crti.o
                0x100002c0                _init
 *(EXCLUDE_FILE(*libm.a: *libc.a:*lib_a-mem*.o *libgcc.a:) .text*)
 .text          0x100002c4       0x48 c:/progra~2/gnuarm~1/102020~1/bin/../lib/gcc/arm-none-eabi/10.2.1/thumb/v6-m/nofp/crtbegin.o
 .text.startup.main
                0x1000030c       0x1c CMakeFiles/blinky.dir/main.c.obj
                0x1000030c                main
 .text.PIN_Initialize
                0x10000328       0x14 CMakeFiles/blinky.dir/system.c.obj
                0x10000328                PIN_Initialize
 .text.gpio_init
                0x1000033c       0x3c CMakeFiles/blinky.dir/C_/Users/MJ/Documents/Github/pico-sdk/src/rp2_common/hardware_gpio/gpio.c.obj
                0x1000033c                gpio_init
 .text.hw_claim_or_assert
                0x10000378       0x58 CMakeFiles/blinky.dir/C_/Users/MJ/Documents/Github/pico-sdk/src/rp2_common/hardware_claim/claim.c.obj
                0x10000378                hw_claim_or_assert
 .text.spin_locks_reset
                0x100003d0       0x1c CMakeFiles/blinky.dir/C_/Users/MJ/Documents/Github/pico-sdk/src/rp2_common/hardware_sync/sync.c.obj
                0x100003d0                spin_locks_reset
 .text.next_striped_spin_lock_num
                0x100003ec       0x18 CMakeFiles/blinky.dir/C_/Users/MJ/Documents/Github/pico-sdk/src/rp2_common/hardware_sync/sync.c.obj
                0x100003ec                next_striped_spin_lock_num
 .text.running_on_fpga
                0x10000404       0x10 CMakeFiles/blinky.dir/C_/Users/MJ/Documents/Github/pico-sdk/src/rp2_common/pico_platform/platform.c.obj
                0x10000404                running_on_fpga
 .text.timer_pool_entry_comparator
                0x10000414       0x34 CMakeFiles/blinky.dir/C_/Users/MJ/Documents/Github/pico-sdk/src/common/pico_time/time.c.obj
                0x10000414                timer_pool_entry_comparator
 .text.sev_callback
                0x10000448        0x8 CMakeFiles/blinky.dir/C_/Users/MJ/Documents/Github/pico-sdk/src/common/pico_time/time.c.obj
 .text.add_alarm_under_lock.isra.0
                0x10000450      0x100 CMakeFiles/blinky.dir/C_/Users/MJ/Documents/Github/pico-sdk/src/common/pico_time/time.c.obj
 .text.alarm_pool_alarm_callback
                0x10000550      0x1c8 CMakeFiles/blinky.dir/C_/Users/MJ/Documents/Github/pico-sdk/src/common/pico_time/time.c.obj
 .text.alarm_pool_add_alarm_at.constprop.0
                0x10000718      0x11c CMakeFiles/blinky.dir/C_/Users/MJ/Documents/Github/pico-sdk/src/common/pico_time/time.c.obj
 .text.alarm_pool_init_default
                0x10000834       0x58 CMakeFiles/blinky.dir/C_/Users/MJ/Documents/Github/pico-sdk/src/common/pico_time/time.c.obj
                0x10000834                alarm_pool_init_default
 .text.sleep_ms
                0x1000088c       0xb0 CMakeFiles/blinky.dir/C_/Users/MJ/Documents/Github/pico-sdk/src/common/pico_time/time.c.obj
                0x1000088c                sleep_ms
 .text.hardware_alarm_irq_handler
                0x1000093c       0xb8 CMakeFiles/blinky.dir/C_/Users/MJ/Documents/Github/pico-sdk/src/rp2_common/hardware_timer/timer.c.obj
 .text.hardware_alarm_claim
                0x100009f4       0x18 CMakeFiles/blinky.dir/C_/Users/MJ/Documents/Github/pico-sdk/src/rp2_common/hardware_timer/timer.c.obj
                0x100009f4                hardware_alarm_claim
 .text.time_us_64
                0x10000a0c       0x14 CMakeFiles/blinky.dir/C_/Users/MJ/Documents/Github/pico-sdk/src/rp2_common/hardware_timer/timer.c.obj
                0x10000a0c                time_us_64
 .text.busy_wait_until
                0x10000a20       0x20 CMakeFiles/blinky.dir/C_/Users/MJ/Documents/Github/pico-sdk/src/rp2_common/hardware_timer/timer.c.obj
                0x10000a20                busy_wait_until
 .text.hardware_alarm_set_callback
                0x10000a40       0x8c CMakeFiles/blinky.dir/C_/Users/MJ/Documents/Github/pico-sdk/src/rp2_common/hardware_timer/timer.c.obj
                0x10000a40                hardware_alarm_set_callback
 .text.hardware_alarm_set_target
                0x10000acc       0xe0 CMakeFiles/blinky.dir/C_/Users/MJ/Documents/Github/pico-sdk/src/rp2_common/hardware_timer/timer.c.obj
                0x10000acc                hardware_alarm_set_target
 .text.hardware_alarm_cancel
                0x10000bac       0x3c CMakeFiles/blinky.dir/C_/Users/MJ/Documents/Github/pico-sdk/src/rp2_common/hardware_timer/timer.c.obj
                0x10000bac                hardware_alarm_cancel
 .text.lock_init
                0x10000be8       0x10 CMakeFiles/blinky.dir/C_/Users/MJ/Documents/Github/pico-sdk/src/common/pico_sync/lock_core.c.obj
                0x10000be8                lock_init
 .text.mutex_init
                0x10000bf8       0x1c CMakeFiles/blinky.dir/C_/Users/MJ/Documents/Github/pico-sdk/src/common/pico_sync/mutex.c.obj
                0x10000bf8                mutex_init
 .text.ph_merge_nodes
                0x10000c14       0x68 CMakeFiles/blinky.dir/C_/Users/MJ/Documents/Github/pico-sdk/src/common/pico_util/pheap.c.obj
 .text.ph_post_alloc_init
                0x10000c7c       0x3c CMakeFiles/blinky.dir/C_/Users/MJ/Documents/Github/pico-sdk/src/common/pico_util/pheap.c.obj
                0x10000c7c                ph_post_alloc_init
 .text.ph_merge_two_pass
                0x10000cb8       0x90 CMakeFiles/blinky.dir/C_/Users/MJ/Documents/Github/pico-sdk/src/common/pico_util/pheap.c.obj
                0x10000cb8                ph_merge_two_pass
 .text.ph_remove_any_head
                0x10000d48       0xf8 CMakeFiles/blinky.dir/C_/Users/MJ/Documents/Github/pico-sdk/src/common/pico_util/pheap.c.obj
 .text.ph_remove_head
                0x10000e40       0xfc CMakeFiles/blinky.dir/C_/Users/MJ/Documents/Github/pico-sdk/src/common/pico_util/pheap.c.obj
                0x10000e40                ph_remove_head
 .text.ph_remove_and_free_node
                0x10000f3c       0x7c CMakeFiles/blinky.dir/C_/Users/MJ/Documents/Github/pico-sdk/src/common/pico_util/pheap.c.obj
                0x10000f3c                ph_remove_and_free_node
 .text.runtime_init
                0x10000fb8       0xec CMakeFiles/blinky.dir/C_/Users/MJ/Documents/Github/pico-sdk/src/rp2_common/pico_runtime/runtime.c.obj
                0x10000fb8                runtime_init
 .text.exit     0x100010a4        0x4 CMakeFiles/blinky.dir/C_/Users/MJ/Documents/Github/pico-sdk/src/rp2_common/pico_runtime/runtime.c.obj
                0x100010a4                exit
 .text.panic    0x100010a8       0x30 CMakeFiles/blinky.dir/C_/Users/MJ/Documents/Github/pico-sdk/src/rp2_common/pico_runtime/runtime.c.obj
                0x100010a8                panic
 .text.hard_assertion_failure
                0x100010d8        0xc CMakeFiles/blinky.dir/C_/Users/MJ/Documents/Github/pico-sdk/src/rp2_common/pico_runtime/runtime.c.obj
                0x100010d8                hard_assertion_failure
 .text.clocks_init
                0x100010e4      0x2e0 CMakeFiles/blinky.dir/C_/Users/MJ/Documents/Github/pico-sdk/src/rp2_common/hardware_clocks/clocks.c.obj
                0x100010e4                clocks_init
 .text.watchdog_start_tick
                0x100013c4       0x10 CMakeFiles/blinky.dir/C_/Users/MJ/Documents/Github/pico-sdk/src/rp2_common/hardware_watchdog/watchdog.c.obj
                0x100013c4                watchdog_start_tick
 .text.xosc_init
                0x100013d4       0x28 CMakeFiles/blinky.dir/C_/Users/MJ/Documents/Github/pico-sdk/src/rp2_common/hardware_xosc/xosc.c.obj
                0x100013d4                xosc_init
 .text.pll_init
                0x100013fc       0x54 CMakeFiles/blinky.dir/C_/Users/MJ/Documents/Github/pico-sdk/src/rp2_common/hardware_pll/pll.c.obj
                0x100013fc                pll_init
 .text.irq_set_enabled
                0x10001450       0x24 CMakeFiles/blinky.dir/C_/Users/MJ/Documents/Github/pico-sdk/src/rp2_common/hardware_irq/irq.c.obj
                0x10001450                irq_set_enabled
 .text.irq_get_vtable_handler
                0x10001474       0x10 CMakeFiles/blinky.dir/C_/Users/MJ/Documents/Github/pico-sdk/src/rp2_common/hardware_irq/irq.c.obj
                0x10001474                irq_get_vtable_handler
 .text.irq_set_exclusive_handler
                0x10001484       0x54 CMakeFiles/blinky.dir/C_/Users/MJ/Documents/Github/pico-sdk/src/rp2_common/hardware_irq/irq.c.obj
                0x10001484                irq_set_exclusive_handler
 .text.irq_remove_handler
                0x100014d8      0x1b4 CMakeFiles/blinky.dir/C_/Users/MJ/Documents/Github/pico-sdk/src/rp2_common/hardware_irq/irq.c.obj
                0x100014d8                irq_remove_handler
 .text.irq_add_tail_to_free_list
                0x1000168c       0xb4 CMakeFiles/blinky.dir/C_/Users/MJ/Documents/Github/pico-sdk/src/rp2_common/hardware_irq/irq.c.obj
                0x1000168c                irq_add_tail_to_free_list
 .text.irq_init_priorities
                0x10001740       0x38 CMakeFiles/blinky.dir/C_/Users/MJ/Documents/Github/pico-sdk/src/rp2_common/hardware_irq/irq.c.obj
                0x10001740                irq_init_priorities
 .text._out_char
                0x10001778       0x10 CMakeFiles/blinky.dir/C_/Users/MJ/Documents/Github/pico-sdk/src/rp2_common/pico_printf/printf.c.obj
 .text.weak_raw_vprintf
                0x10001788       0x30 CMakeFiles/blinky.dir/C_/Users/MJ/Documents/Github/pico-sdk/src/rp2_common/pico_printf/printf.c.obj
                0x10001788                weak_raw_vprintf
 .text          0x100017b8       0x10 CMakeFiles/blinky.dir/C_/Users/MJ/Documents/Github/pico-sdk/src/rp2_common/pico_bit_ops/bit_ops_aeabi.S.obj
 .text.rom_func_lookup
                0x100017c8       0x10 CMakeFiles/blinky.dir/C_/Users/MJ/Documents/Github/pico-sdk/src/rp2_common/pico_bootrom/bootrom.c.obj
                0x100017c8                rom_func_lookup
 .text.rom_data_lookup
                0x100017d8       0x10 CMakeFiles/blinky.dir/C_/Users/MJ/Documents/Github/pico-sdk/src/rp2_common/pico_bootrom/bootrom.c.obj
                0x100017d8                rom_data_lookup
 .text.rom_funcs_lookup
                0x100017e8       0x44 CMakeFiles/blinky.dir/C_/Users/MJ/Documents/Github/pico-sdk/src/rp2_common/pico_bootrom/bootrom.c.obj
                0x100017e8                rom_funcs_lookup
 .text.__wrap___aeabi_uidiv
                0x1000182c       0x54 CMakeFiles/blinky.dir/C_/Users/MJ/Documents/Github/pico-sdk/src/rp2_common/pico_divider/divider.S.obj
                0x1000182c                __wrap___aeabi_uidiv
                0x1000182c                __wrap___aeabi_uidivmod
                0x1000182c                div_u32u32
                0x1000182c                divmod_u32u32
                0x10001834                divmod_u32u32_unsafe
                0x1000185c                divmod_u32u32_savestate
 .text.__aeabi_double_init
                0x10001880       0x80 CMakeFiles/blinky.dir/C_/Users/MJ/Documents/Github/pico-sdk/src/rp2_common/pico_double/double_init_rom.c.obj
                0x10001880                __aeabi_double_init
 .text.double_table_shim_on_use_helper
                0x10001900       0x2c CMakeFiles/blinky.dir/C_/Users/MJ/Documents/Github/pico-sdk/src/rp2_common/pico_double/double_v1_rom_shim.S.obj
                0x10001900                double_table_shim_on_use_helper
 .text.__aeabi_lmul
                0x1000192c       0x32 CMakeFiles/blinky.dir/C_/Users/MJ/Documents/Github/pico-sdk/src/rp2_common/pico_int64_ops/pico_int64_ops_aeabi.S.obj
                0x1000192c                __wrap___aeabi_lmul
 *fill*         0x1000195e        0x2 
 .text.__aeabi_float_init
                0x10001960       0x64 CMakeFiles/blinky.dir/C_/Users/MJ/Documents/Github/pico-sdk/src/rp2_common/pico_float/float_init_rom.c.obj
                0x10001960                __aeabi_float_init
 .text.float_table_shim_on_use_helper
                0x100019c4       0x2c CMakeFiles/blinky.dir/C_/Users/MJ/Documents/Github/pico-sdk/src/rp2_common/pico_float/float_v1_rom_shim.S.obj
                0x100019c4                float_table_shim_on_use_helper
 .text          0x100019f0       0x10 CMakeFiles/blinky.dir/C_/Users/MJ/Documents/Github/pico-sdk/src/rp2_common/pico_mem_ops/mem_ops_aeabi.S.obj
                0x100019f0                __aeabi_mem_init
 .text.memcpy   0x10001a00        0xc CMakeFiles/blinky.dir/C_/Users/MJ/Documents/Github/pico-sdk/src/rp2_common/pico_mem_ops/mem_ops_aeabi.S.obj
                0x10001a00                __wrap_memcpy
                0x10001a00                __wrap___aeabi_memcpy
 .text.stdio_out_chars_crlf.part.0
                0x10001a0c       0xa0 CMakeFiles/blinky.dir/C_/Users/MJ/Documents/Github/pico-sdk/src/rp2_common/pico_stdio/stdio.c.obj
 .text.stdio_put_string.isra.0
                0x10001aac       0xf8 CMakeFiles/blinky.dir/C_/Users/MJ/Documents/Github/pico-sdk/src/rp2_common/pico_stdio/stdio.c.obj
 .text.__wrap_putchar
                0x10001ba4       0x1c CMakeFiles/blinky.dir/C_/Users/MJ/Documents/Github/pico-sdk/src/rp2_common/pico_stdio/stdio.c.obj
                0x10001ba4                __wrap_putchar
 .text.__wrap_puts
                0x10001bc0       0x3c CMakeFiles/blinky.dir/C_/Users/MJ/Documents/Github/pico-sdk/src/rp2_common/pico_stdio/stdio.c.obj
                0x10001bc0                __wrap_puts
 .text.strlen   0x10001bfc       0x5c c:/progra~2/gnuarm~1/102020~1/bin/../lib/gcc/arm-none-eabi/10.2.1/../../../../arm-none-eabi/lib/thumb/v6-m/nofp\libc.a(lib_a-strlen-stub.o)
                0x10001bfc                strlen
 *(.fini)
 .fini          0x10001c58        0x4 c:/progra~2/gnuarm~1/102020~1/bin/../lib/gcc/arm-none-eabi/10.2.1/thumb/v6-m/nofp/crti.o
                0x10001c58                _fini
 *fill*         0x10001c5c        0x4 
 .fini.__stub   0x10001c60       0x40 linker stubs
 *crtbegin.o(.ctors)
 *crtbegin?.o(.ctors)
 *(EXCLUDE_FILE(*crtend.o *crtend?.o) .ctors)
 *(SORT_BY_NAME(.ctors.*))
 *(.ctors)
 *crtbegin.o(.dtors)
 *crtbegin?.o(.dtors)
 *(EXCLUDE_FILE(*crtend.o *crtend?.o) .dtors)
 *(SORT_BY_NAME(.dtors.*))
 *(.dtors)
 *(.eh_frame*)
 .eh_frame      0x10001ca0        0x0 c:/progra~2/gnuarm~1/102020~1/bin/../lib/gcc/arm-none-eabi/10.2.1/thumb/v6-m/nofp/crtbegin.o
                0x10001ca0                . = ALIGN (0x4)

.glue_7         0x10001ca0        0x0
 .glue_7        0x10001ca0        0x0 linker stubs

.glue_7t        0x10001ca0        0x0
 .glue_7t       0x10001ca0        0x0 linker stubs

.vfp11_veneer   0x10001ca0        0x0
 .vfp11_veneer  0x10001ca0        0x0 linker stubs

.v4_bx          0x10001ca0        0x0
 .v4_bx         0x10001ca0        0x0 linker stubs

.iplt           0x10001ca0        0x0
 .iplt          0x10001ca0        0x0 c:/progra~2/gnuarm~1/102020~1/bin/../lib/gcc/arm-none-eabi/10.2.1/thumb/v6-m/nofp/crtbegin.o

.rodata         0x10001ca0       0xa8
 *(EXCLUDE_FILE(*libm.a: *libc.a:*lib_a-mem*.o *libgcc.a:) .rodata*)
 .rodata.hardware_alarm_claim.str1.4
                0x10001ca0       0x22 CMakeFiles/blinky.dir/C_/Users/MJ/Documents/Github/pico-sdk/src/rp2_common/hardware_timer/timer.c.obj
 *fill*         0x10001cc2        0x2 
 .rodata.panic.str1.4
                0x10001cc4       0x12 CMakeFiles/blinky.dir/C_/Users/MJ/Documents/Github/pico-sdk/src/rp2_common/pico_runtime/runtime.c.obj
 *fill*         0x10001cd6        0x2 
 .rodata.hard_assertion_failure.str1.4
                0x10001cd8        0xc CMakeFiles/blinky.dir/C_/Users/MJ/Documents/Github/pico-sdk/src/rp2_common/pico_runtime/runtime.c.obj
 .rodata.str1.4
                0x10001ce4       0x3c CMakeFiles/blinky.dir/C_/Users/MJ/Documents/Github/pico-sdk/src/rp2_common/pico_standard_link/binary_info.c.obj
 .rodata.__bi_44
                0x10001d20        0xc CMakeFiles/blinky.dir/C_/Users/MJ/Documents/Github/pico-sdk/src/rp2_common/pico_standard_link/binary_info.c.obj
 .rodata.__bi_75
                0x10001d2c        0xc CMakeFiles/blinky.dir/C_/Users/MJ/Documents/Github/pico-sdk/src/rp2_common/pico_standard_link/binary_info.c.obj
 .rodata.__bi_81
                0x10001d38        0xc CMakeFiles/blinky.dir/C_/Users/MJ/Documents/Github/pico-sdk/src/rp2_common/pico_standard_link/binary_info.c.obj
 .rodata.crlf_str.0
                0x10001d44        0x2 CMakeFiles/blinky.dir/C_/Users/MJ/Documents/Github/pico-sdk/src/rp2_common/pico_stdio/stdio.c.obj
                0x10001d48                . = ALIGN (0x4)
 *fill*         0x10001d46        0x2 
 *(SORT_BY_ALIGNMENT(SORT_BY_NAME(.flashdata*)))
                0x10001d48                . = ALIGN (0x4)

.rel.dyn        0x10001d48        0x0
 .rel.iplt      0x10001d48        0x0 c:/progra~2/gnuarm~1/102020~1/bin/../lib/gcc/arm-none-eabi/10.2.1/thumb/v6-m/nofp/crtbegin.o

.ARM.extab
 *(.ARM.extab* .gnu.linkonce.armextab.*)
                0x10001d48                __exidx_start = .

.ARM.exidx
 *(.ARM.exidx* .gnu.linkonce.armexidx.*)
                0x10001d48                __exidx_end = .
                0x10001d48                . = ALIGN (0x4)
                0x10001d48                __binary_info_start = .

.binary_info    0x10001d48       0x1c
 *(.binary_info.keep.*)
 .binary_info.keep.__bi_ptr22
                0x10001d48        0x4 CMakeFiles/blinky.dir/C_/Users/MJ/Documents/Github/pico-sdk/src/rp2_common/pico_standard_link/binary_info.c.obj
 .binary_info.keep.__bi_ptr30
                0x10001d4c        0x4 CMakeFiles/blinky.dir/C_/Users/MJ/Documents/Github/pico-sdk/src/rp2_common/pico_standard_link/binary_info.c.obj
 .binary_info.keep.__bi_ptr38
                0x10001d50        0x4 CMakeFiles/blinky.dir/C_/Users/MJ/Documents/Github/pico-sdk/src/rp2_common/pico_standard_link/binary_info.c.obj
 .binary_info.keep.__bi_ptr44
                0x10001d54        0x4 CMakeFiles/blinky.dir/C_/Users/MJ/Documents/Github/pico-sdk/src/rp2_common/pico_standard_link/binary_info.c.obj
 .binary_info.keep.__bi_ptr50
                0x10001d58        0x4 CMakeFiles/blinky.dir/C_/Users/MJ/Documents/Github/pico-sdk/src/rp2_common/pico_standard_link/binary_info.c.obj
 .binary_info.keep.__bi_ptr75
                0x10001d5c        0x4 CMakeFiles/blinky.dir/C_/Users/MJ/Documents/Github/pico-sdk/src/rp2_common/pico_standard_link/binary_info.c.obj
 .binary_info.keep.__bi_ptr81
                0x10001d60        0x4 CMakeFiles/blinky.dir/C_/Users/MJ/Documents/Github/pico-sdk/src/rp2_common/pico_standard_link/binary_info.c.obj
 *(.binary_info.*)
                0x10001d64                __binary_info_end = .
                0x10001d64                . = ALIGN (0x4)
                0x10001d64                __etext = .

.ram_vector_table
                0x20000000       0xc0
 *(.ram_vector_table)
 .ram_vector_table
                0x20000000       0xc0 CMakeFiles/blinky.dir/C_/Users/MJ/Documents/Github/pico-sdk/src/rp2_common/pico_runtime/runtime.c.obj
                0x20000000                ram_vector_table

.data           0x200000c0      0x16c load address 0x10001d64
                0x200000c0                __data_start__ = .
 *(vtable)
 *(.time_critical*)
 .time_critical.mutex_enter_blocking
                0x200000c0       0x4c CMakeFiles/blinky.dir/C_/Users/MJ/Documents/Github/pico-sdk/src/common/pico_sync/mutex.c.obj
                0x200000c0                mutex_enter_blocking
 .time_critical.mutex_try_enter
                0x2000010c       0x44 CMakeFiles/blinky.dir/C_/Users/MJ/Documents/Github/pico-sdk/src/common/pico_sync/mutex.c.obj
                0x2000010c                mutex_try_enter
 .time_critical.mutex_exit
                0x20000150       0x28 CMakeFiles/blinky.dir/C_/Users/MJ/Documents/Github/pico-sdk/src/common/pico_sync/mutex.c.obj
                0x20000150                mutex_exit
 *(.text*)
 .text          0x20000178        0x4 c:/progra~2/gnuarm~1/102020~1/bin/../lib/gcc/arm-none-eabi/10.2.1/thumb/v6-m/nofp\libgcc.a(_dvmd_tls.o)
                0x20000178                __aeabi_idiv0
                0x20000178                __aeabi_ldiv0
                0x2000017c                . = ALIGN (0x4)
 *(.rodata*)
                0x2000017c                . = ALIGN (0x4)
 *(.data*)
 .data.striped_spin_lock_num
                0x2000017c        0x1 CMakeFiles/blinky.dir/C_/Users/MJ/Documents/Github/pico-sdk/src/rp2_common/hardware_sync/sync.c.obj
 *fill*         0x2000017d        0x3 
 .data.default_alarm_pool
                0x20000180       0x18 CMakeFiles/blinky.dir/C_/Users/MJ/Documents/Github/pico-sdk/src/common/pico_time/time.c.obj
 .data.default_alarm_pool_heap
                0x20000198       0x10 CMakeFiles/blinky.dir/C_/Users/MJ/Documents/Github/pico-sdk/src/common/pico_time/time.c.obj
 .data          0x200001a8       0x48 CMakeFiles/blinky.dir/C_/Users/MJ/Documents/Github/pico-sdk/src/rp2_common/hardware_irq/irq_handler_chain.S.obj
                0x200001a8                irq_handler_chain_slots
                0x200001d8                irq_handler_chain_first_slot
                0x200001e2                irq_handler_chain_remove_tail
 .data.aeabi_bits_funcs
                0x200001f0       0x10 CMakeFiles/blinky.dir/C_/Users/MJ/Documents/Github/pico-sdk/src/rp2_common/pico_bit_ops/bit_ops_aeabi.S.obj
                0x200001f0                aeabi_bits_funcs
                0x20000200                aeabi_bits_funcs_end
 .data.aeabi_mem_funcs
                0x20000200       0x10 CMakeFiles/blinky.dir/C_/Users/MJ/Documents/Github/pico-sdk/src/rp2_common/pico_mem_ops/mem_ops_aeabi.S.obj
                0x20000200                aeabi_mem_funcs
                0x20000210                aeabi_mem_funcs_end
                0x20000210                . = ALIGN (0x4)
 *(.after_data.*)
                0x20000210                . = ALIGN (0x4)
                0x20000210                PROVIDE (__mutex_array_start = .)
 *(SORT_BY_NAME(.mutex_array.*))
 *(.mutex_array)
 .mutex_array   0x20000210        0x8 CMakeFiles/blinky.dir/C_/Users/MJ/Documents/Github/pico-sdk/src/rp2_common/pico_stdio/stdio.c.obj
                0x20000218                PROVIDE (__mutex_array_end = .)
                0x20000218                . = ALIGN (0x4)
                0x20000218                PROVIDE (__preinit_array_start = .)
 *(SORT_BY_NAME(.preinit_array.*))
 .preinit_array.00001
                0x20000218        0x4 CMakeFiles/blinky.dir/C_/Users/MJ/Documents/Github/pico-sdk/src/rp2_common/pico_mem_ops/mem_ops_aeabi.S.obj
 .preinit_array.00010
                0x2000021c        0x4 CMakeFiles/blinky.dir/C_/Users/MJ/Documents/Github/pico-sdk/src/rp2_common/pico_bit_ops/bit_ops_aeabi.S.obj
 .preinit_array.00020
                0x20000220        0x4 CMakeFiles/blinky.dir/C_/Users/MJ/Documents/Github/pico-sdk/src/rp2_common/pico_double/double_aeabi.S.obj
 .preinit_array.00020
                0x20000224        0x4 CMakeFiles/blinky.dir/C_/Users/MJ/Documents/Github/pico-sdk/src/rp2_common/pico_float/float_aeabi.S.obj
 *(.preinit_array)
                0x20000228                PROVIDE (__preinit_array_end = .)
                0x20000228                . = ALIGN (0x4)
                0x20000228                PROVIDE (__init_array_start = .)
 *(SORT_BY_NAME(.init_array.*))
 *(.init_array)
 .init_array    0x20000228        0x4 c:/progra~2/gnuarm~1/102020~1/bin/../lib/gcc/arm-none-eabi/10.2.1/thumb/v6-m/nofp/crtbegin.o
                0x2000022c                PROVIDE (__init_array_end = .)
                0x2000022c                . = ALIGN (0x4)
                [!provide]                PROVIDE (__fini_array_start = .)
 *(SORT_BY_NAME(.fini_array.*))
 *(.fini_array)
                [!provide]                PROVIDE (__fini_array_end = .)
 *(.jcr)
                0x2000022c                . = ALIGN (0x4)
                0x2000022c                __data_end__ = .

.igot.plt       0x2000022c        0x0 load address 0x10001ed0
 .igot.plt      0x2000022c        0x0 c:/progra~2/gnuarm~1/102020~1/bin/../lib/gcc/arm-none-eabi/10.2.1/thumb/v6-m/nofp/crtbegin.o

.uninitialized_data
                0x2000022c        0x0 load address 0x10001ed0
                0x2000022c                . = ALIGN (0x4)
 *(.uninitialized_data*)

.scratch_x      0x20040000        0x0 load address 0x10001ed0
                0x20040000                __scratch_x_start__ = .
 *(.scratch_x.*)
                0x20040000                . = ALIGN (0x4)
                0x20040000                __scratch_x_end__ = .
                0x10001ed0                __scratch_x_source__ = LOADADDR (.scratch_x)

.scratch_y      0x20041000        0x0 load address 0x10001ed0
                0x20041000                __scratch_y_start__ = .
 *(.scratch_y.*)
                0x20041000                . = ALIGN (0x4)
                0x20041000                __scratch_y_end__ = .
                0x10001ed0                __scratch_y_source__ = LOADADDR (.scratch_y)

.bss            0x20000230      0x3c8
                0x20000230                . = ALIGN (0x4)
                0x20000230                __bss_start__ = .
 *(SORT_BY_ALIGNMENT(SORT_BY_NAME(.bss*)))
 .bss.default_alarm_pool_entries
                0x20000230      0x100 CMakeFiles/blinky.dir/C_/Users/MJ/Documents/Github/pico-sdk/src/common/pico_time/time.c.obj
 .bss.sd_table  0x20000330      0x100 CMakeFiles/blinky.dir/C_/Users/MJ/Documents/Github/pico-sdk/src/rp2_common/pico_double/double_init_rom.c.obj
                0x20000330                sd_table
 .bss.sf_table  0x20000430      0x100 CMakeFiles/blinky.dir/C_/Users/MJ/Documents/Github/pico-sdk/src/rp2_common/pico_float/float_init_rom.c.obj
                0x20000430                sf_table
 .bss           0x20000530       0x1c c:/progra~2/gnuarm~1/102020~1/bin/../lib/gcc/arm-none-eabi/10.2.1/thumb/v6-m/nofp/crtbegin.o
 .bss.alarm_callbacks
                0x2000054c       0x10 CMakeFiles/blinky.dir/C_/Users/MJ/Documents/Github/pico-sdk/src/rp2_common/hardware_timer/timer.c.obj
 .bss.configured_freq
                0x2000055c       0x28 CMakeFiles/blinky.dir/C_/Users/MJ/Documents/Github/pico-sdk/src/rp2_common/hardware_clocks/clocks.c.obj
 .bss.default_alarm_pool_entry_ids_high
                0x20000584       0x10 CMakeFiles/blinky.dir/C_/Users/MJ/Documents/Github/pico-sdk/src/common/pico_time/time.c.obj
 .bss.default_alarm_pool_heap_nodes
                0x20000594       0x30 CMakeFiles/blinky.dir/C_/Users/MJ/Documents/Github/pico-sdk/src/common/pico_time/time.c.obj
 .bss.drivers   0x200005c4        0x4 CMakeFiles/blinky.dir/C_/Users/MJ/Documents/Github/pico-sdk/src/rp2_common/pico_stdio/stdio.c.obj
 .bss.filter    0x200005c8        0x4 CMakeFiles/blinky.dir/C_/Users/MJ/Documents/Github/pico-sdk/src/rp2_common/pico_stdio/stdio.c.obj
 .bss.lazy_vsnprintf
                0x200005cc        0x4 CMakeFiles/blinky.dir/C_/Users/MJ/Documents/Github/pico-sdk/src/rp2_common/pico_printf/printf.c.obj
 .bss.pools     0x200005d0       0x10 CMakeFiles/blinky.dir/C_/Users/MJ/Documents/Github/pico-sdk/src/common/pico_time/time.c.obj
 .bss.sf_clz_func
                0x200005e0        0x4 CMakeFiles/blinky.dir/C_/Users/MJ/Documents/Github/pico-sdk/src/rp2_common/pico_float/float_init_rom.c.obj
                0x200005e0                sf_clz_func
 .bss.target_hi
                0x200005e4       0x10 CMakeFiles/blinky.dir/C_/Users/MJ/Documents/Github/pico-sdk/src/rp2_common/hardware_timer/timer.c.obj
 .bss.claimed   0x200005f4        0x1 CMakeFiles/blinky.dir/C_/Users/MJ/Documents/Github/pico-sdk/src/rp2_common/hardware_timer/timer.c.obj
 .bss.irq_hander_chain_free_slot_head
                0x200005f5        0x1 CMakeFiles/blinky.dir/C_/Users/MJ/Documents/Github/pico-sdk/src/rp2_common/hardware_irq/irq.c.obj
 .bss.timer_callbacks_pending
                0x200005f6        0x1 CMakeFiles/blinky.dir/C_/Users/MJ/Documents/Github/pico-sdk/src/rp2_common/hardware_timer/timer.c.obj
 *(COMMON)
                0x200005f8                . = ALIGN (0x4)
 *fill*         0x200005f7        0x1 
                0x200005f8                __bss_end__ = .

.heap           0x200005f8      0x800
                0x200005f8                __end__ = .
                0x200005f8                end = __end__
 *(.heap*)
 .heap          0x200005f8      0x800 CMakeFiles/blinky.dir/C_/Users/MJ/Documents/Github/pico-sdk/src/rp2_common/pico_standard_link/crt0.S.obj
                0x20000df8                __HeapLimit = .

.stack1_dummy   0x20040000        0x0
 *(.stack1*)

.stack_dummy    0x20041000      0x800
 *(.stack*)
 .stack         0x20041000      0x800 CMakeFiles/blinky.dir/C_/Users/MJ/Documents/Github/pico-sdk/src/rp2_common/pico_standard_link/crt0.S.obj

.flash_end      0x10001ed0        0x0
                0x10001ed0                __flash_binary_end = .
                0x20040000                __StackLimit = (ORIGIN (RAM) + LENGTH (RAM))
                0x20041000                __StackOneTop = (ORIGIN (SCRATCH_X) + LENGTH (SCRATCH_X))
                0x20042000                __StackTop = (ORIGIN (SCRATCH_Y) + LENGTH (SCRATCH_Y))
                0x20041000                __StackOneBottom = (__StackOneTop - SIZEOF (.stack1_dummy))
                0x20041800                __StackBottom = (__StackTop - SIZEOF (.stack_dummy))
                0x20042000                PROVIDE (__stack = __StackTop)
                0x00000001                ASSERT ((__StackLimit >= __HeapLimit), region RAM overflowed)
                0x00000001                ASSERT (((__binary_info_header_end - __logical_binary_start) <= 0x100), Binary info must be in first 256 bytes of the binary)
LOAD CMakeFiles/blinky.dir/main.c.obj
LOAD CMakeFiles/blinky.dir/system.c.obj
LOAD CMakeFiles/blinky.dir/C_/Users/MJ/Documents/Github/pico-sdk/src/rp2_common/pico_stdlib/stdlib.c.obj
LOAD CMakeFiles/blinky.dir/C_/Users/MJ/Documents/Github/pico-sdk/src/rp2_common/hardware_gpio/gpio.c.obj
LOAD CMakeFiles/blinky.dir/C_/Users/MJ/Documents/Github/pico-sdk/src/rp2_common/hardware_claim/claim.c.obj
LOAD CMakeFiles/blinky.dir/C_/Users/MJ/Documents/Github/pico-sdk/src/rp2_common/hardware_sync/sync.c.obj
LOAD CMakeFiles/blinky.dir/C_/Users/MJ/Documents/Github/pico-sdk/src/rp2_common/pico_platform/platform.c.obj
LOAD CMakeFiles/blinky.dir/C_/Users/MJ/Documents/Github/pico-sdk/src/rp2_common/hardware_uart/uart.c.obj
LOAD CMakeFiles/blinky.dir/C_/Users/MJ/Documents/Github/pico-sdk/src/rp2_common/hardware_divider/divider.S.obj
LOAD CMakeFiles/blinky.dir/C_/Users/MJ/Documents/Github/pico-sdk/src/common/pico_time/time.c.obj
LOAD CMakeFiles/blinky.dir/C_/Users/MJ/Documents/Github/pico-sdk/src/common/pico_time/timeout_helper.c.obj
LOAD CMakeFiles/blinky.dir/C_/Users/MJ/Documents/Github/pico-sdk/src/rp2_common/hardware_timer/timer.c.obj
LOAD CMakeFiles/blinky.dir/C_/Users/MJ/Documents/Github/pico-sdk/src/common/pico_sync/sem.c.obj
LOAD CMakeFiles/blinky.dir/C_/Users/MJ/Documents/Github/pico-sdk/src/common/pico_sync/lock_core.c.obj
LOAD CMakeFiles/blinky.dir/C_/Users/MJ/Documents/Github/pico-sdk/src/common/pico_sync/mutex.c.obj
LOAD CMakeFiles/blinky.dir/C_/Users/MJ/Documents/Github/pico-sdk/src/common/pico_sync/critical_section.c.obj
LOAD CMakeFiles/blinky.dir/C_/Users/MJ/Documents/Github/pico-sdk/src/common/pico_util/datetime.c.obj
LOAD CMakeFiles/blinky.dir/C_/Users/MJ/Documents/Github/pico-sdk/src/common/pico_util/pheap.c.obj
LOAD CMakeFiles/blinky.dir/C_/Users/MJ/Documents/Github/pico-sdk/src/common/pico_util/queue.c.obj
LOAD CMakeFiles/blinky.dir/C_/Users/MJ/Documents/Github/pico-sdk/src/rp2_common/pico_runtime/runtime.c.obj
LOAD CMakeFiles/blinky.dir/C_/Users/MJ/Documents/Github/pico-sdk/src/rp2_common/hardware_clocks/clocks.c.obj
LOAD CMakeFiles/blinky.dir/C_/Users/MJ/Documents/Github/pico-sdk/src/rp2_common/hardware_watchdog/watchdog.c.obj
LOAD CMakeFiles/blinky.dir/C_/Users/MJ/Documents/Github/pico-sdk/src/rp2_common/hardware_xosc/xosc.c.obj
LOAD CMakeFiles/blinky.dir/C_/Users/MJ/Documents/Github/pico-sdk/src/rp2_common/hardware_pll/pll.c.obj
LOAD CMakeFiles/blinky.dir/C_/Users/MJ/Documents/Github/pico-sdk/src/rp2_common/hardware_vreg/vreg.c.obj
LOAD CMakeFiles/blinky.dir/C_/Users/MJ/Documents/Github/pico-sdk/src/rp2_common/hardware_irq/irq.c.obj
LOAD CMakeFiles/blinky.dir/C_/Users/MJ/Documents/Github/pico-sdk/src/rp2_common/hardware_irq/irq_handler_chain.S.obj
LOAD CMakeFiles/blinky.dir/C_/Users/MJ/Documents/Github/pico-sdk/src/rp2_common/pico_printf/printf.c.obj
LOAD CMakeFiles/blinky.dir/C_/Users/MJ/Documents/Github/pico-sdk/src/rp2_common/pico_bit_ops/bit_ops_aeabi.S.obj
LOAD CMakeFiles/blinky.dir/C_/Users/MJ/Documents/Github/pico-sdk/src/rp2_common/pico_bootrom/bootrom.c.obj
LOAD CMakeFiles/blinky.dir/C_/Users/MJ/Documents/Github/pico-sdk/src/rp2_common/pico_divider/divider.S.obj
LOAD CMakeFiles/blinky.dir/C_/Users/MJ/Documents/Github/pico-sdk/src/rp2_common/pico_double/double_aeabi.S.obj
LOAD CMakeFiles/blinky.dir/C_/Users/MJ/Documents/Github/pico-sdk/src/rp2_common/pico_double/double_init_rom.c.obj
LOAD CMakeFiles/blinky.dir/C_/Users/MJ/Documents/Github/pico-sdk/src/rp2_common/pico_double/double_math.c.obj
LOAD CMakeFiles/blinky.dir/C_/Users/MJ/Documents/Github/pico-sdk/src/rp2_common/pico_double/double_v1_rom_shim.S.obj
LOAD CMakeFiles/blinky.dir/C_/Users/MJ/Documents/Github/pico-sdk/src/rp2_common/pico_int64_ops/pico_int64_ops_aeabi.S.obj
LOAD CMakeFiles/blinky.dir/C_/Users/MJ/Documents/Github/pico-sdk/src/rp2_common/pico_float/float_aeabi.S.obj
LOAD CMakeFiles/blinky.dir/C_/Users/MJ/Documents/Github/pico-sdk/src/rp2_common/pico_float/float_init_rom.c.obj
LOAD CMakeFiles/blinky.dir/C_/Users/MJ/Documents/Github/pico-sdk/src/rp2_common/pico_float/float_math.c.obj
LOAD CMakeFiles/blinky.dir/C_/Users/MJ/Documents/Github/pico-sdk/src/rp2_common/pico_float/float_v1_rom_shim.S.obj
LOAD CMakeFiles/blinky.dir/C_/Users/MJ/Documents/Github/pico-sdk/src/rp2_common/pico_malloc/pico_malloc.c.obj
LOAD CMakeFiles/blinky.dir/C_/Users/MJ/Documents/Github/pico-sdk/src/rp2_common/pico_mem_ops/mem_ops_aeabi.S.obj
LOAD CMakeFiles/blinky.dir/C_/Users/MJ/Documents/Github/pico-sdk/src/rp2_common/pico_standard_link/crt0.S.obj
LOAD CMakeFiles/blinky.dir/C_/Users/MJ/Documents/Github/pico-sdk/src/rp2_common/pico_standard_link/new_delete.cpp.obj
LOAD CMakeFiles/blinky.dir/C_/Users/MJ/Documents/Github/pico-sdk/src/rp2_common/pico_standard_link/binary_info.c.obj
LOAD CMakeFiles/blinky.dir/C_/Users/MJ/Documents/Github/pico-sdk/src/rp2_common/pico_stdio/stdio.c.obj
LOAD CMakeFiles/blinky.dir/C_/Users/MJ/Documents/Github/pico-sdk/src/rp2_common/pico_stdio_uart/stdio_uart.c.obj
LOAD C:\Users\MJ\AppData\Local\Temp\cc43XRub.o
LOAD c:/progra~2/gnuarm~1/102020~1/bin/../lib/gcc/arm-none-eabi/10.2.1/../../../../arm-none-eabi/lib/thumb/v6-m/nofp\libstdc++.a
LOAD c:/progra~2/gnuarm~1/102020~1/bin/../lib/gcc/arm-none-eabi/10.2.1/../../../../arm-none-eabi/lib/thumb/v6-m/nofp\libm.a
START GROUP
LOAD c:/progra~2/gnuarm~1/102020~1/bin/../lib/gcc/arm-none-eabi/10.2.1/thumb/v6-m/nofp\libgcc.a
LOAD c:/progra~2/gnuarm~1/102020~1/bin/../lib/gcc/arm-none-eabi/10.2.1/../../../../arm-none-eabi/lib/thumb/v6-m/nofp\libc.a
END GROUP
START GROUP
LOAD c:/progra~2/gnuarm~1/102020~1/bin/../lib/gcc/arm-none-eabi/10.2.1/thumb/v6-m/nofp\libgcc.a
LOAD c:/progra~2/gnuarm~1/102020~1/bin/../lib/gcc/arm-none-eabi/10.2.1/../../../../arm-none-eabi/lib/thumb/v6-m/nofp\libc.a
LOAD c:/progra~2/gnuarm~1/102020~1/bin/../lib/gcc/arm-none-eabi/10.2.1/../../../../arm-none-eabi/lib/thumb/v6-m/nofp\libnosys.a
END GROUP
LOAD c:/progra~2/gnuarm~1/102020~1/bin/../lib/gcc/arm-none-eabi/10.2.1/thumb/v6-m/nofp/crtend.o
LOAD c:/progra~2/gnuarm~1/102020~1/bin/../lib/gcc/arm-none-eabi/10.2.1/thumb/v6-m/nofp/crtn.o
OUTPUT(blinky.elf elf32-littlearm)
LOAD linker stubs

.ARM.attributes
                0x00000000       0x28
 .ARM.attributes
                0x00000000       0x1e c:/progra~2/gnuarm~1/102020~1/bin/../lib/gcc/arm-none-eabi/10.2.1/thumb/v6-m/nofp/crti.o
 .ARM.attributes
                0x0000001e       0x2c c:/progra~2/gnuarm~1/102020~1/bin/../lib/gcc/arm-none-eabi/10.2.1/thumb/v6-m/nofp/crtbegin.o
 .ARM.attributes
                0x0000004a       0x2c CMakeFiles/blinky.dir/main.c.obj
 .ARM.attributes
                0x00000076       0x2c CMakeFiles/blinky.dir/system.c.obj
 .ARM.attributes
                0x000000a2       0x2c CMakeFiles/blinky.dir/C_/Users/MJ/Documents/Github/pico-sdk/src/rp2_common/hardware_gpio/gpio.c.obj
 .ARM.attributes
                0x000000ce       0x2c CMakeFiles/blinky.dir/C_/Users/MJ/Documents/Github/pico-sdk/src/rp2_common/hardware_claim/claim.c.obj
 .ARM.attributes
                0x000000fa       0x2c CMakeFiles/blinky.dir/C_/Users/MJ/Documents/Github/pico-sdk/src/rp2_common/hardware_sync/sync.c.obj
 .ARM.attributes
                0x00000126       0x2c CMakeFiles/blinky.dir/C_/Users/MJ/Documents/Github/pico-sdk/src/rp2_common/pico_platform/platform.c.obj
 .ARM.attributes
                0x00000152       0x2c CMakeFiles/blinky.dir/C_/Users/MJ/Documents/Github/pico-sdk/src/common/pico_time/time.c.obj
 .ARM.attributes
                0x0000017e       0x2c CMakeFiles/blinky.dir/C_/Users/MJ/Documents/Github/pico-sdk/src/rp2_common/hardware_timer/timer.c.obj
 .ARM.attributes
                0x000001aa       0x2c CMakeFiles/blinky.dir/C_/Users/MJ/Documents/Github/pico-sdk/src/common/pico_sync/lock_core.c.obj
 .ARM.attributes
                0x000001d6       0x2c CMakeFiles/blinky.dir/C_/Users/MJ/Documents/Github/pico-sdk/src/common/pico_sync/mutex.c.obj
 .ARM.attributes
                0x00000202       0x2c CMakeFiles/blinky.dir/C_/Users/MJ/Documents/Github/pico-sdk/src/common/pico_util/pheap.c.obj
 .ARM.attributes
                0x0000022e       0x2c CMakeFiles/blinky.dir/C_/Users/MJ/Documents/Github/pico-sdk/src/rp2_common/pico_runtime/runtime.c.obj
 .ARM.attributes
                0x0000025a       0x2c CMakeFiles/blinky.dir/C_/Users/MJ/Documents/Github/pico-sdk/src/rp2_common/hardware_clocks/clocks.c.obj
 .ARM.attributes
                0x00000286       0x2c CMakeFiles/blinky.dir/C_/Users/MJ/Documents/Github/pico-sdk/src/rp2_common/hardware_watchdog/watchdog.c.obj
 .ARM.attributes
                0x000002b2       0x2c CMakeFiles/blinky.dir/C_/Users/MJ/Documents/Github/pico-sdk/src/rp2_common/hardware_xosc/xosc.c.obj
 .ARM.attributes
                0x000002de       0x2c CMakeFiles/blinky.dir/C_/Users/MJ/Documents/Github/pico-sdk/src/rp2_common/hardware_pll/pll.c.obj
 .ARM.attributes
                0x0000030a       0x2c CMakeFiles/blinky.dir/C_/Users/MJ/Documents/Github/pico-sdk/src/rp2_common/hardware_irq/irq.c.obj
 .ARM.attributes
                0x00000336       0x22 CMakeFiles/blinky.dir/C_/Users/MJ/Documents/Github/pico-sdk/src/rp2_common/hardware_irq/irq_handler_chain.S.obj
 .ARM.attributes
                0x00000358       0x2c CMakeFiles/blinky.dir/C_/Users/MJ/Documents/Github/pico-sdk/src/rp2_common/pico_printf/printf.c.obj
 .ARM.attributes
                0x00000384       0x22 CMakeFiles/blinky.dir/C_/Users/MJ/Documents/Github/pico-sdk/src/rp2_common/pico_bit_ops/bit_ops_aeabi.S.obj
 .ARM.attributes
                0x000003a6       0x2c CMakeFiles/blinky.dir/C_/Users/MJ/Documents/Github/pico-sdk/src/rp2_common/pico_bootrom/bootrom.c.obj
 .ARM.attributes
                0x000003d2       0x22 CMakeFiles/blinky.dir/C_/Users/MJ/Documents/Github/pico-sdk/src/rp2_common/pico_divider/divider.S.obj
 .ARM.attributes
                0x000003f4       0x22 CMakeFiles/blinky.dir/C_/Users/MJ/Documents/Github/pico-sdk/src/rp2_common/pico_double/double_aeabi.S.obj
 .ARM.attributes
                0x00000416       0x2c CMakeFiles/blinky.dir/C_/Users/MJ/Documents/Github/pico-sdk/src/rp2_common/pico_double/double_init_rom.c.obj
 .ARM.attributes
                0x00000442       0x22 CMakeFiles/blinky.dir/C_/Users/MJ/Documents/Github/pico-sdk/src/rp2_common/pico_double/double_v1_rom_shim.S.obj
 .ARM.attributes
                0x00000464       0x22 CMakeFiles/blinky.dir/C_/Users/MJ/Documents/Github/pico-sdk/src/rp2_common/pico_int64_ops/pico_int64_ops_aeabi.S.obj
 .ARM.attributes
                0x00000486       0x22 CMakeFiles/blinky.dir/C_/Users/MJ/Documents/Github/pico-sdk/src/rp2_common/pico_float/float_aeabi.S.obj
 .ARM.attributes
                0x000004a8       0x2c CMakeFiles/blinky.dir/C_/Users/MJ/Documents/Github/pico-sdk/src/rp2_common/pico_float/float_init_rom.c.obj
 .ARM.attributes
                0x000004d4       0x22 CMakeFiles/blinky.dir/C_/Users/MJ/Documents/Github/pico-sdk/src/rp2_common/pico_float/float_v1_rom_shim.S.obj
 .ARM.attributes
                0x000004f6       0x22 CMakeFiles/blinky.dir/C_/Users/MJ/Documents/Github/pico-sdk/src/rp2_common/pico_mem_ops/mem_ops_aeabi.S.obj
 .ARM.attributes
                0x00000518       0x22 CMakeFiles/blinky.dir/C_/Users/MJ/Documents/Github/pico-sdk/src/rp2_common/pico_standard_link/crt0.S.obj
 .ARM.attributes
                0x0000053a       0x32 CMakeFiles/blinky.dir/C_/Users/MJ/Documents/Github/pico-sdk/src/rp2_common/pico_standard_link/binary_info.c.obj
 .ARM.attributes
                0x0000056c       0x2c CMakeFiles/blinky.dir/C_/Users/MJ/Documents/Github/pico-sdk/src/rp2_common/pico_stdio/stdio.c.obj
 .ARM.attributes
                0x00000598       0x22 C:\Users\MJ\AppData\Local\Temp\cc43XRub.o
 .ARM.attributes
                0x000005ba       0x1e c:/progra~2/gnuarm~1/102020~1/bin/../lib/gcc/arm-none-eabi/10.2.1/thumb/v6-m/nofp\libgcc.a(_dvmd_tls.o)
 .ARM.attributes
                0x000005d8       0x2c c:/progra~2/gnuarm~1/102020~1/bin/../lib/gcc/arm-none-eabi/10.2.1/../../../../arm-none-eabi/lib/thumb/v6-m/nofp\libc.a(lib_a-strlen-stub.o)

.comment        0x00000000       0x4d
 .comment       0x00000000       0x4d CMakeFiles/blinky.dir/main.c.obj
                                 0x4e (size before relaxing)
 .comment       0x0000004d       0x4e CMakeFiles/blinky.dir/system.c.obj
 .comment       0x0000004d       0x4e CMakeFiles/blinky.dir/C_/Users/MJ/Documents/Github/pico-sdk/src/rp2_common/hardware_gpio/gpio.c.obj
 .comment       0x0000004d       0x4e CMakeFiles/blinky.dir/C_/Users/MJ/Documents/Github/pico-sdk/src/rp2_common/hardware_claim/claim.c.obj
 .comment       0x0000004d       0x4e CMakeFiles/blinky.dir/C_/Users/MJ/Documents/Github/pico-sdk/src/rp2_common/hardware_sync/sync.c.obj
 .comment       0x0000004d       0x4e CMakeFiles/blinky.dir/C_/Users/MJ/Documents/Github/pico-sdk/src/rp2_common/pico_platform/platform.c.obj
 .comment       0x0000004d       0x4e CMakeFiles/blinky.dir/C_/Users/MJ/Documents/Github/pico-sdk/src/common/pico_time/time.c.obj
 .comment       0x0000004d       0x4e CMakeFiles/blinky.dir/C_/Users/MJ/Documents/Github/pico-sdk/src/rp2_common/hardware_timer/timer.c.obj
 .comment       0x0000004d       0x4e CMakeFiles/blinky.dir/C_/Users/MJ/Documents/Github/pico-sdk/src/common/pico_sync/lock_core.c.obj
 .comment       0x0000004d       0x4e CMakeFiles/blinky.dir/C_/Users/MJ/Documents/Github/pico-sdk/src/common/pico_sync/mutex.c.obj
 .comment       0x0000004d       0x4e CMakeFiles/blinky.dir/C_/Users/MJ/Documents/Github/pico-sdk/src/common/pico_util/pheap.c.obj
 .comment       0x0000004d       0x4e CMakeFiles/blinky.dir/C_/Users/MJ/Documents/Github/pico-sdk/src/rp2_common/pico_runtime/runtime.c.obj
 .comment       0x0000004d       0x4e CMakeFiles/blinky.dir/C_/Users/MJ/Documents/Github/pico-sdk/src/rp2_common/hardware_clocks/clocks.c.obj
 .comment       0x0000004d       0x4e CMakeFiles/blinky.dir/C_/Users/MJ/Documents/Github/pico-sdk/src/rp2_common/hardware_watchdog/watchdog.c.obj
 .comment       0x0000004d       0x4e CMakeFiles/blinky.dir/C_/Users/MJ/Documents/Github/pico-sdk/src/rp2_common/hardware_xosc/xosc.c.obj
 .comment       0x0000004d       0x4e CMakeFiles/blinky.dir/C_/Users/MJ/Documents/Github/pico-sdk/src/rp2_common/hardware_pll/pll.c.obj
 .comment       0x0000004d       0x4e CMakeFiles/blinky.dir/C_/Users/MJ/Documents/Github/pico-sdk/src/rp2_common/hardware_irq/irq.c.obj
 .comment       0x0000004d       0x4e CMakeFiles/blinky.dir/C_/Users/MJ/Documents/Github/pico-sdk/src/rp2_common/pico_printf/printf.c.obj
 .comment       0x0000004d       0x4e CMakeFiles/blinky.dir/C_/Users/MJ/Documents/Github/pico-sdk/src/rp2_common/pico_bootrom/bootrom.c.obj
 .comment       0x0000004d       0x4e CMakeFiles/blinky.dir/C_/Users/MJ/Documents/Github/pico-sdk/src/rp2_common/pico_double/double_init_rom.c.obj
 .comment       0x0000004d       0x4e CMakeFiles/blinky.dir/C_/Users/MJ/Documents/Github/pico-sdk/src/rp2_common/pico_float/float_init_rom.c.obj
 .comment       0x0000004d       0x4e CMakeFiles/blinky.dir/C_/Users/MJ/Documents/Github/pico-sdk/src/rp2_common/pico_standard_link/binary_info.c.obj
 .comment       0x0000004d       0x4e CMakeFiles/blinky.dir/C_/Users/MJ/Documents/Github/pico-sdk/src/rp2_common/pico_stdio/stdio.c.obj

.debug_frame    0x00000000       0x28
 .debug_frame   0x00000000       0x28 c:/progra~2/gnuarm~1/102020~1/bin/../lib/gcc/arm-none-eabi/10.2.1/../../../../arm-none-eabi/lib/thumb/v6-m/nofp\libc.a(lib_a-strlen-stub.o)
